// Jest Snapshot v1, https://goo.gl/fbAQLP

exports[`OutlineTextInput changes border color on focus 1`] = `
<View
  className="mb-3"
>
  <TextInput
    className="border px-4 py-4 text-[12px] rounded-[12px] border-primary"
    editable={true}
    keyboardType="default"
    onBlur={[Function]}
    onChangeText={[Function]}
    onFocus={[Function]}
    placeholder="Focus me"
    placeholderTextColor="#C4C4C4"
    secureTextEntry={false}
    style={
      [
        {
          "fontFamily": "poppinsRegular",
          "textAlignVertical": "top",
        },
        undefined,
      ]
    }
    value=""
  />
</View>
`;
